  pool: fast
 state: DEGRADED
status: One or more devices have been removed.
	Sufficient replicas exist for the pool to continue functioning in a
	degraded state.
action: Online the device using zpool online' or replace the device with
	'zpool replace'.
  scan: scrub repaired 0B in 00:17:29 with 0 errors on Sun Aug  9 00:41:30 2026
config:

	NAME                                               STATE     READ WRITE CKSUM
	fast                                               DEGRADED     0     0     0
	  mirror-0                                         DEGRADED     0     0     0
	    ata-SAMSUNG_MZ7LM1T9HCJM-00003_S1YKNX0H602867  ONLINE       0     0     0
	    ata-SAMSUNG_MZ7LM1T9HCJM-00003_S1YKNX0H603070  REMOVED      0     0     0

errors: No known data errors

  pool: rpool
 state: ONLINE
  scan: scrub repaired 0B in 00:01:16 with 0 errors on Sun Sep 13 00:25:18 2026
config:

	NAME                                                                                                       STATE     READ WRITE CKSUM
	rpool                                                                                                      ONLINE       0     0     0
	  mirror-0                                                                                                 ONLINE       0     0     0
	    nvme-CT1000P3PSSD8_24404B716B41-part3                                                                  ONLINE       0     0     0
	    nvme-nvme.126f-5450424632343031303830303230313033343834-5445414d20544d3846503630303154-00000001-part3  ONLINE       0     0     0

errors: No known data errors

  pool: tank
 state: ONLINE
  scan: scrub repaired 0B in 04:03:44 with 0 errors on Sun Sep 13 04:27:47 2026
config:

	NAME                                  STATE     READ WRITE CKSUM
	tank                                  ONLINE       0     0     0
	  raidz1-0                            ONLINE       0     0     0
	    ata-ST20000NE000-3G5101_ZVT0FW32  ONLINE       0     0     0
	    ata-ST20000NE000-3G5101_ZVT0FW6Y  ONLINE       0     0     0

errors: No known data errors
